// Jest Snapshot v1, https://goo.gl/fbAQLP

exports[`NotificationStack CloudFormation Template matches expected structure 1`] = `
{
  "Metadata": {
    "cdk_nag": {
      "rules_to_suppress": [
        {
          "id": "AwsSolutions-IAM4",
          "reason": "Notification Stack: AWS managed policies are acceptable for this use case",
        },
        {
          "id": "AwsSolutions-IAM5",
          "reason": "Notification Stack: Wildcard permissions required for cross-service integrations",
        },
      ],
    },
  },
  "Parameters": {
    "BootstrapVersion": {
      "Default": "/cdk-bootstrap/hnb659fds/version",
      "Description": "Version of the CDK Bootstrap resources in this environment, automatically retrieved from SSM Parameter Store. [cdk:skip]",
      "Type": "AWS::SSM::Parameter::Value<String>",
    },
  },
  "Resources": {
    "NotificationTopicEB7A0DF1": {
      "Properties": {
        "DisplayName": "Image Processing Notifications",
        "KmsMasterKeyId": {
          "Fn::GetAtt": [
            "NotificationTopicKey59DEF8C0",
            "Arn",
          ],
        },
        "TopicName": "notification-topic",
      },
      "Type": "AWS::SNS::Topic",
    },
    "NotificationTopicKey59DEF8C0": {
      "DeletionPolicy": "Delete",
      "Properties": {
        "EnableKeyRotation": true,
        "KeyPolicy": {
          "Statement": [
            {
              "Action": "kms:*",
              "Effect": "Allow",
              "Principal": {
                "AWS": {
                  "Fn::Join": [
                    "",
                    [
                      "arn:",
                      {
                        "Ref": "AWS::Partition",
                      },
                      ":iam::123456789012:root",
                    ],
                  ],
                },
              },
              "Resource": "*",
            },
          ],
          "Version": "2012-10-17",
        },
      },
      "Type": "AWS::KMS::Key",
      "UpdateReplacePolicy": "Delete",
    },
    "NotificationTopicalertsexamplecom8230D76A": {
      "Properties": {
        "Endpoint": "alerts@example.com",
        "Protocol": "email-json",
        "TopicArn": {
          "Ref": "NotificationTopicEB7A0DF1",
        },
      },
      "Type": "AWS::SNS::Subscription",
    },
  },
  "Rules": {
    "CheckBootstrapVersion": {
      "Assertions": [
        {
          "Assert": {
            "Fn::Not": [
              {
                "Fn::Contains": [
                  [
                    "1",
                    "2",
                    "3",
                    "4",
                    "5",
                  ],
                  {
                    "Ref": "BootstrapVersion",
                  },
                ],
              },
            ],
          },
          "AssertDescription": "CDK bootstrap stack version 6 required. Please run 'cdk bootstrap' with a recent version of the CDK CLI.",
        },
      ],
    },
  },
}
`;
