// Jest Snapshot v1, https://goo.gl/fbAQLP

exports[`StorageStack CloudFormation Template matches expected CloudFormation template structure 1`] = `
{
  "Metadata": {
    "cdk_nag": {
      "rules_to_suppress": [
        {
          "id": "AwsSolutions-IAM4",
          "reason": "Storage Stack: AWS managed policies are acceptable for this use case",
        },
        {
          "id": "AwsSolutions-IAM5",
          "reason": "Storage Stack: Wildcard permissions required for cross-service integrations",
        },
        {
          "id": "AwsSolutions-S3-1",
          "reason": "Image Processing: S3 access logging not required for this use case",
        },
        {
          "id": "AwsSolutions-S3-2",
          "reason": "Image Processing: Public read access blocked by default configuration",
        },
      ],
    },
  },
  "Parameters": {
    "BootstrapVersion": {
      "Default": "/cdk-bootstrap/hnb659fds/version",
      "Description": "Version of the CDK Bootstrap resources in this environment, automatically retrieved from SSM Parameter Store. [cdk:skip]",
      "Type": "AWS::SSM::Parameter::Value<String>",
    },
  },
  "Resources": {
    "CustomS3AutoDeleteObjectsCustomResourceProviderHandler9D90184F": {
      "DependsOn": [
        "CustomS3AutoDeleteObjectsCustomResourceProviderRole3B1BD092",
      ],
      "Properties": {
        "Code": {
          "S3Bucket": "cdk-hnb659fds-assets-123456789012-ap-northeast-1",
          "S3Key": "2ae8f914c1489d48f5583d64f967c153178446af897e853125ec63aa26bd2a4e.zip",
        },
        "Description": {
          "Fn::Join": [
            "",
            [
              "Lambda function for auto-deleting objects in ",
              {
                "Ref": "ImageBucket97210811",
              },
              " S3 bucket.",
            ],
          ],
        },
        "Handler": "index.handler",
        "MemorySize": 128,
        "Role": {
          "Fn::GetAtt": [
            "CustomS3AutoDeleteObjectsCustomResourceProviderRole3B1BD092",
            "Arn",
          ],
        },
        "Runtime": "nodejs22.x",
        "Timeout": 900,
      },
      "Type": "AWS::Lambda::Function",
    },
    "CustomS3AutoDeleteObjectsCustomResourceProviderRole3B1BD092": {
      "Properties": {
        "AssumeRolePolicyDocument": {
          "Statement": [
            {
              "Action": "sts:AssumeRole",
              "Effect": "Allow",
              "Principal": {
                "Service": "lambda.amazonaws.com",
              },
            },
          ],
          "Version": "2012-10-17",
        },
        "ManagedPolicyArns": [
          {
            "Fn::Sub": "arn:\${AWS::Partition}:iam::aws:policy/service-role/AWSLambdaBasicExecutionRole",
          },
        ],
      },
      "Type": "AWS::IAM::Role",
    },
    "ImageBucket97210811": {
      "DeletionPolicy": "Delete",
      "Properties": {
        "BucketEncryption": {
          "ServerSideEncryptionConfiguration": [
            {
              "ServerSideEncryptionByDefault": {
                "SSEAlgorithm": "AES256",
              },
            },
          ],
        },
        "BucketName": "image-processing-bucket-123456789012",
        "PublicAccessBlockConfiguration": {
          "BlockPublicAcls": true,
          "BlockPublicPolicy": true,
          "IgnorePublicAcls": true,
          "RestrictPublicBuckets": true,
        },
        "Tags": [
          {
            "Key": "aws-cdk:auto-delete-objects",
            "Value": "true",
          },
        ],
        "VersioningConfiguration": {
          "Status": "Enabled",
        },
      },
      "Type": "AWS::S3::Bucket",
      "UpdateReplacePolicy": "Delete",
    },
    "ImageBucketAutoDeleteObjectsCustomResource99A1E17B": {
      "DeletionPolicy": "Delete",
      "DependsOn": [
        "ImageBucketPolicy9E7B0384",
      ],
      "Properties": {
        "BucketName": {
          "Ref": "ImageBucket97210811",
        },
        "ServiceToken": {
          "Fn::GetAtt": [
            "CustomS3AutoDeleteObjectsCustomResourceProviderHandler9D90184F",
            "Arn",
          ],
        },
      },
      "Type": "Custom::S3AutoDeleteObjects",
      "UpdateReplacePolicy": "Delete",
    },
    "ImageBucketPolicy9E7B0384": {
      "Properties": {
        "Bucket": {
          "Ref": "ImageBucket97210811",
        },
        "PolicyDocument": {
          "Statement": [
            {
              "Action": [
                "s3:PutBucketPolicy",
                "s3:GetBucket*",
                "s3:List*",
                "s3:DeleteObject*",
              ],
              "Effect": "Allow",
              "Principal": {
                "AWS": {
                  "Fn::GetAtt": [
                    "CustomS3AutoDeleteObjectsCustomResourceProviderRole3B1BD092",
                    "Arn",
                  ],
                },
              },
              "Resource": [
                {
                  "Fn::GetAtt": [
                    "ImageBucket97210811",
                    "Arn",
                  ],
                },
                {
                  "Fn::Join": [
                    "",
                    [
                      {
                        "Fn::GetAtt": [
                          "ImageBucket97210811",
                          "Arn",
                        ],
                      },
                      "/*",
                    ],
                  ],
                },
              ],
            },
            {
              "Action": "s3:*",
              "Condition": {
                "Bool": {
                  "aws:SecureTransport": "false",
                },
              },
              "Effect": "Deny",
              "Principal": {
                "AWS": "*",
              },
              "Resource": [
                {
                  "Fn::GetAtt": [
                    "ImageBucket97210811",
                    "Arn",
                  ],
                },
                {
                  "Fn::Join": [
                    "",
                    [
                      {
                        "Fn::GetAtt": [
                          "ImageBucket97210811",
                          "Arn",
                        ],
                      },
                      "/*",
                    ],
                  ],
                },
              ],
              "Sid": "DenyInsecureTransport",
            },
            {
              "Action": "s3:*",
              "Condition": {
                "StringNotEquals": {
                  "aws:PrincipalAccount": "123456789012",
                },
              },
              "Effect": "Deny",
              "Principal": {
                "AWS": "*",
              },
              "Resource": [
                {
                  "Fn::GetAtt": [
                    "ImageBucket97210811",
                    "Arn",
                  ],
                },
                {
                  "Fn::Join": [
                    "",
                    [
                      {
                        "Fn::GetAtt": [
                          "ImageBucket97210811",
                          "Arn",
                        ],
                      },
                      "/*",
                    ],
                  ],
                },
              ],
              "Sid": "RestrictBucketAccessToAccount",
            },
          ],
          "Version": "2012-10-17",
        },
      },
      "Type": "AWS::S3::BucketPolicy",
    },
    "ImagesTable39278AD9": {
      "DeletionPolicy": "Delete",
      "Properties": {
        "AttributeDefinitions": [
          {
            "AttributeName": "Id",
            "AttributeType": "S",
          },
        ],
        "BillingMode": "PAY_PER_REQUEST",
        "KeySchema": [
          {
            "AttributeName": "Id",
            "KeyType": "HASH",
          },
        ],
        "ResourcePolicy": {
          "PolicyDocument": {
            "Statement": [
              {
                "Action": "dynamodb:*",
                "Condition": {
                  "Bool": {
                    "aws:SecureTransport": "false",
                  },
                },
                "Effect": "Deny",
                "Principal": {
                  "AWS": "*",
                },
                "Resource": {
                  "Fn::Join": [
                    "",
                    [
                      "arn:",
                      {
                        "Ref": "AWS::Partition",
                      },
                      ":dynamodb:ap-northeast-1:123456789012:table/ImagesTable",
                    ],
                  ],
                },
                "Sid": "DenyImagesTableInsecureTransport",
              },
              {
                "Action": "dynamodb:*",
                "Condition": {
                  "StringNotEquals": {
                    "aws:PrincipalAccount": "123456789012",
                  },
                },
                "Effect": "Deny",
                "Principal": {
                  "AWS": "*",
                },
                "Resource": {
                  "Fn::Join": [
                    "",
                    [
                      "arn:",
                      {
                        "Ref": "AWS::Partition",
                      },
                      ":dynamodb:ap-northeast-1:123456789012:table/ImagesTable",
                    ],
                  ],
                },
                "Sid": "RestrictImagesTableAccessToAccount",
              },
            ],
            "Version": "2012-10-17",
          },
        },
        "SSESpecification": {
          "SSEEnabled": true,
        },
        "StreamSpecification": {
          "StreamViewType": "NEW_IMAGE",
        },
        "TableName": "ImagesTable",
      },
      "Type": "AWS::DynamoDB::Table",
      "UpdateReplacePolicy": "Delete",
    },
    "StatusTable0F76785B": {
      "DeletionPolicy": "Delete",
      "Properties": {
        "AttributeDefinitions": [
          {
            "AttributeName": "Id",
            "AttributeType": "S",
          },
          {
            "AttributeName": "ImageName",
            "AttributeType": "S",
          },
        ],
        "BillingMode": "PAY_PER_REQUEST",
        "KeySchema": [
          {
            "AttributeName": "Id",
            "KeyType": "HASH",
          },
          {
            "AttributeName": "ImageName",
            "KeyType": "RANGE",
          },
        ],
        "ResourcePolicy": {
          "PolicyDocument": {
            "Statement": [
              {
                "Action": "dynamodb:*",
                "Condition": {
                  "Bool": {
                    "aws:SecureTransport": "false",
                  },
                },
                "Effect": "Deny",
                "Principal": {
                  "AWS": "*",
                },
                "Resource": {
                  "Fn::Join": [
                    "",
                    [
                      "arn:",
                      {
                        "Ref": "AWS::Partition",
                      },
                      ":dynamodb:ap-northeast-1:123456789012:table/StatusTable",
                    ],
                  ],
                },
                "Sid": "DenyStatusTableInsecureTransport",
              },
              {
                "Action": "dynamodb:*",
                "Condition": {
                  "StringNotEquals": {
                    "aws:PrincipalAccount": "123456789012",
                  },
                },
                "Effect": "Deny",
                "Principal": {
                  "AWS": "*",
                },
                "Resource": {
                  "Fn::Join": [
                    "",
                    [
                      "arn:",
                      {
                        "Ref": "AWS::Partition",
                      },
                      ":dynamodb:ap-northeast-1:123456789012:table/StatusTable",
                    ],
                  ],
                },
                "Sid": "RestrictStatusTableAccessToAccount",
              },
            ],
            "Version": "2012-10-17",
          },
        },
        "SSESpecification": {
          "SSEEnabled": true,
        },
        "TableName": "StatusTable",
      },
      "Type": "AWS::DynamoDB::Table",
      "UpdateReplacePolicy": "Delete",
    },
  },
  "Rules": {
    "CheckBootstrapVersion": {
      "Assertions": [
        {
          "Assert": {
            "Fn::Not": [
              {
                "Fn::Contains": [
                  [
                    "1",
                    "2",
                    "3",
                    "4",
                    "5",
                  ],
                  {
                    "Ref": "BootstrapVersion",
                  },
                ],
              },
            ],
          },
          "AssertDescription": "CDK bootstrap stack version 6 required. Please run 'cdk bootstrap' with a recent version of the CDK CLI.",
        },
      ],
    },
  },
}
`;
